Archive member included to satisfy reference by file (symbol)

f:/7 2017-q4-major/bin/../lib/gcc/arm-none-eabi/7.2.1/thumb/v7e-m\libgcc.a(_arm_addsubsf3.o)
                              CMakeFiles/C_board_study.elf.dir/Core/Src/adc.c.obj (__aeabi_fsub)
f:/7 2017-q4-major/bin/../lib/gcc/arm-none-eabi/7.2.1/thumb/v7e-m\libgcc.a(_arm_muldivsf3.o)
                              CMakeFiles/C_board_study.elf.dir/Core/Src/adc.c.obj (__aeabi_fmul)
f:/7 2017-q4-major/bin/../lib/gcc/arm-none-eabi/7.2.1/thumb/v7e-m\libgcc.a(_arm_fixunssfsi.o)
                              CMakeFiles/C_board_study.elf.dir/Core/Src/bsp_led.c.obj (__aeabi_f2uiz)
f:/7 2017-q4-major/bin/../lib/gcc/arm-none-eabi/7.2.1/thumb/v7e-m\libgcc.a(_aeabi_uldivmod.o)
                              CMakeFiles/C_board_study.elf.dir/Drivers/STM32F4xx_HAL_Driver/Src/stm32f4xx_hal_rcc.c.obj (__aeabi_uldivmod)
f:/7 2017-q4-major/bin/../lib/gcc/arm-none-eabi/7.2.1/thumb/v7e-m\libgcc.a(_udivmoddi4.o)
                              f:/7 2017-q4-major/bin/../lib/gcc/arm-none-eabi/7.2.1/thumb/v7e-m\libgcc.a(_aeabi_uldivmod.o) (__udivmoddi4)
f:/7 2017-q4-major/bin/../lib/gcc/arm-none-eabi/7.2.1/thumb/v7e-m\libgcc.a(_dvmd_tls.o)
                              f:/7 2017-q4-major/bin/../lib/gcc/arm-none-eabi/7.2.1/thumb/v7e-m\libgcc.a(_aeabi_uldivmod.o) (__aeabi_ldiv0)
f:/7 2017-q4-major/bin/../lib/gcc/arm-none-eabi/7.2.1/../../../../arm-none-eabi/lib/thumb/v7e-m\libg.a(lib_a-errno.o)
                              CMakeFiles/C_board_study.elf.dir/Core/Src/syscalls.c.obj (__errno)
f:/7 2017-q4-major/bin/../lib/gcc/arm-none-eabi/7.2.1/../../../../arm-none-eabi/lib/thumb/v7e-m\libg.a(lib_a-exit.o)
                              f:/7 2017-q4-major/bin/../lib/gcc/arm-none-eabi/7.2.1/../../../../arm-none-eabi/lib/thumb/v7e-m/crt0.o (exit)
f:/7 2017-q4-major/bin/../lib/gcc/arm-none-eabi/7.2.1/../../../../arm-none-eabi/lib/thumb/v7e-m\libg.a(lib_a-impure.o)
                              f:/7 2017-q4-major/bin/../lib/gcc/arm-none-eabi/7.2.1/../../../../arm-none-eabi/lib/thumb/v7e-m\libg.a(lib_a-exit.o) (_global_impure_ptr)
f:/7 2017-q4-major/bin/../lib/gcc/arm-none-eabi/7.2.1/../../../../arm-none-eabi/lib/thumb/v7e-m\libg.a(lib_a-init.o)
                              f:/7 2017-q4-major/bin/../lib/gcc/arm-none-eabi/7.2.1/../../../../arm-none-eabi/lib/thumb/v7e-m/crt0.o (__libc_init_array)
f:/7 2017-q4-major/bin/../lib/gcc/arm-none-eabi/7.2.1/../../../../arm-none-eabi/lib/thumb/v7e-m\libg.a(lib_a-memset.o)
                              f:/7 2017-q4-major/bin/../lib/gcc/arm-none-eabi/7.2.1/../../../../arm-none-eabi/lib/thumb/v7e-m/crt0.o (memset)
f:/7 2017-q4-major/bin/../lib/gcc/arm-none-eabi/7.2.1/../../../../arm-none-eabi/lib/thumb/v7e-m\libg.a(lib_a-__call_atexit.o)
                              f:/7 2017-q4-major/bin/../lib/gcc/arm-none-eabi/7.2.1/../../../../arm-none-eabi/lib/thumb/v7e-m\libg.a(lib_a-exit.o) (__call_exitprocs)
f:/7 2017-q4-major/bin/../lib/gcc/arm-none-eabi/7.2.1/../../../../arm-none-eabi/lib/thumb/v7e-m\libg.a(lib_a-atexit.o)
                              f:/7 2017-q4-major/bin/../lib/gcc/arm-none-eabi/7.2.1/../../../../arm-none-eabi/lib/thumb/v7e-m\libg.a(lib_a-__call_atexit.o) (atexit)
f:/7 2017-q4-major/bin/../lib/gcc/arm-none-eabi/7.2.1/../../../../arm-none-eabi/lib/thumb/v7e-m\libg.a(lib_a-fini.o)
                              f:/7 2017-q4-major/bin/../lib/gcc/arm-none-eabi/7.2.1/../../../../arm-none-eabi/lib/thumb/v7e-m\libg.a(lib_a-__call_atexit.o) (__libc_fini_array)
f:/7 2017-q4-major/bin/../lib/gcc/arm-none-eabi/7.2.1/../../../../arm-none-eabi/lib/thumb/v7e-m\libg.a(lib_a-lock.o)
                              f:/7 2017-q4-major/bin/../lib/gcc/arm-none-eabi/7.2.1/../../../../arm-none-eabi/lib/thumb/v7e-m\libg.a(lib_a-__call_atexit.o) (__retarget_lock_acquire_recursive)
f:/7 2017-q4-major/bin/../lib/gcc/arm-none-eabi/7.2.1/../../../../arm-none-eabi/lib/thumb/v7e-m\libg.a(lib_a-__atexit.o)
                              f:/7 2017-q4-major/bin/../lib/gcc/arm-none-eabi/7.2.1/../../../../arm-none-eabi/lib/thumb/v7e-m\libg.a(lib_a-atexit.o) (__register_exitproc)

Allocating common symbols
Common symbol       size              file

__lock___atexit_recursive_mutex
                    0x1               f:/7 2017-q4-major/bin/../lib/gcc/arm-none-eabi/7.2.1/../../../../arm-none-eabi/lib/thumb/v7e-m\libg.a(lib_a-lock.o)
__lock___arc4random_mutex
                    0x1               f:/7 2017-q4-major/bin/../lib/gcc/arm-none-eabi/7.2.1/../../../../arm-none-eabi/lib/thumb/v7e-m\libg.a(lib_a-lock.o)
__lock___env_recursive_mutex
                    0x1               f:/7 2017-q4-major/bin/../lib/gcc/arm-none-eabi/7.2.1/../../../../arm-none-eabi/lib/thumb/v7e-m\libg.a(lib_a-lock.o)
__lock___sinit_recursive_mutex
                    0x1               f:/7 2017-q4-major/bin/../lib/gcc/arm-none-eabi/7.2.1/../../../../arm-none-eabi/lib/thumb/v7e-m\libg.a(lib_a-lock.o)
__lock___malloc_recursive_mutex
[...]
Memory Configuration

Name             Origin             Length             Attributes
RAM              0x20000000         0x00020000         xrw
CCMRAM           0x10000000         0x00010000         xrw
FLASH            0x08000000         0x00100000         xr
*default*        0x00000000         0xffffffff

Linker script and memory map

LOAD f:/7 2017-q4-major/bin/../lib/gcc/arm-none-eabi/7.2.1/thumb/v7e-m/crti.o
LOAD f:/7 2017-q4-major/bin/../lib/gcc/arm-none-eabi/7.2.1/thumb/v7e-m/crtbegin.o
LOAD f:/7 2017-q4-major/bin/../lib/gcc/arm-none-eabi/7.2.1/../../../../arm-none-eabi/lib/thumb/v7e-m/crt0.o
LOAD CMakeFiles/C_board_study.elf.dir/Core/Src/adc.c.obj
LOAD CMakeFiles/C_board_study.elf.dir/Core/Src/bsp_buzzer.c.obj
LOAD CMakeFiles/C_board_study.elf.dir/Core/Src/bsp_key.c.obj
LOAD CMakeFiles/C_board_study.elf.dir/Core/Src/bsp_led.c.obj
LOAD CMakeFiles/C_board_study.elf.dir/Core/Src/bsp_servo.c.obj
LOAD CMakeFiles/C_board_study.elf.dir/Core/Src/gpio.c.obj
LOAD CMakeFiles/C_board_study.elf.dir/Core/Src/main.c.obj
LOAD CMakeFiles/C_board_study.elf.dir/Core/Src/stm32f4xx_hal_msp.c.obj
LOAD CMakeFiles/C_board_study.elf.dir/Core/Src/stm32f4xx_it.c.obj
LOAD CMakeFiles/C_board_study.elf.dir/Core/Src/syscalls.c.obj
LOAD CMakeFiles/C_board_study.elf.dir/Core/Src/system_stm32f4xx.c.obj
LOAD CMakeFiles/C_board_study.elf.dir/Core/Src/tim.c.obj
LOAD CMakeFiles/C_board_study.elf.dir/Core/Src/usart.c.obj
LOAD CMakeFiles/C_board_study.elf.dir/Drivers/STM32F4xx_HAL_Driver/Src/stm32f4xx_hal.c.obj
LOAD CMakeFiles/C_board_study.elf.dir/Drivers/STM32F4xx_HAL_Driver/Src/stm32f4xx_hal_adc.c.obj
LOAD CMakeFiles/C_board_study.elf.dir/Drivers/STM32F4xx_HAL_Driver/Src/stm32f4xx_hal_adc_ex.c.obj
LOAD CMakeFiles/C_board_study.elf.dir/Drivers/STM32F4xx_HAL_Driver/Src/stm32f4xx_hal_cortex.c.obj
LOAD CMakeFiles/C_board_study.elf.dir/Drivers/STM32F4xx_HAL_Driver/Src/stm32f4xx_hal_dma.c.obj
LOAD CMakeFiles/C_board_study.elf.dir/Drivers/STM32F4xx_HAL_Driver/Src/stm32f4xx_hal_dma_ex.c.obj
LOAD CMakeFiles/C_board_study.elf.dir/Drivers/STM32F4xx_HAL_Driver/Src/stm32f4xx_hal_exti.c.obj
LOAD CMakeFiles/C_board_study.elf.dir/Drivers/STM32F4xx_HAL_Driver/Src/stm32f4xx_hal_flash.c.obj
LOAD CMakeFiles/C_board_study.elf.dir/Drivers/STM32F4xx_HAL_Driver/Src/stm32f4xx_hal_flash_ex.c.obj
LOAD CMakeFiles/C_board_study.elf.dir/Drivers/STM32F4xx_HAL_Driver/Src/stm32f4xx_hal_flash_ramfunc.c.obj
LOAD CMakeFiles/C_board_study.elf.dir/Drivers/STM32F4xx_HAL_Driver/Src/stm32f4xx_hal_gpio.c.obj
LOAD CMakeFiles/C_board_study.elf.dir/Drivers/STM32F4xx_HAL_Driver/Src/stm32f4xx_hal_pwr.c.obj
LOAD CMakeFiles/C_board_study.elf.dir/Drivers/STM32F4xx_HAL_Driver/Src/stm32f4xx_hal_pwr_ex.c.obj
LOAD CMakeFiles/C_board_study.elf.dir/Drivers/STM32F4xx_HAL_Driver/Src/stm32f4xx_hal_rcc.c.obj
LOAD CMakeFiles/C_board_study.elf.dir/Drivers/STM32F4xx_HAL_Driver/Src/stm32f4xx_hal_rcc_ex.c.obj
LOAD CMakeFiles/C_board_study.elf.dir/Drivers/STM32F4xx_HAL_Driver/Src/stm32f4xx_hal_tim.c.obj
LOAD CMakeFiles/C_board_study.elf.dir/Drivers/STM32F4xx_HAL_Driver/Src/stm32f4xx_hal_tim_ex.c.obj
LOAD CMakeFiles/C_board_study.elf.dir/Drivers/STM32F4xx_HAL_Driver/Src/stm32f4xx_hal_uart.c.obj
LOAD CMakeFiles/C_board_study.elf.dir/startup/startup_stm32f407xx.s.obj
START GROUP
LOAD f:/7 2017-q4-major/bin/../lib/gcc/arm-none-eabi/7.2.1/thumb/v7e-m\libgcc.a
LOAD f:/7 2017-q4-major/bin/../lib/gcc/arm-none-eabi/7.2.1/../../../../arm-none-eabi/lib/thumb/v7e-m\libg.a
LOAD f:/7 2017-q4-major/bin/../lib/gcc/arm-none-eabi/7.2.1/../../../../arm-none-eabi/lib/thumb/v7e-m\libc.a
END GROUP
LOAD f:/7 2017-q4-major/bin/../lib/gcc/arm-none-eabi/7.2.1/thumb/v7e-m/crtend.o
LOAD f:/7 2017-q4-major/bin/../lib/gcc/arm-none-eabi/7.2.1/thumb/v7e-m/crtn.o
                0x20020000                _estack = 0x20020000
                0x00000200                _Min_Heap_Size = 0x200
                0x00000400                _Min_Stack_Size = 0x400

.isr_vector     0x08000000      0x188
                0x08000000                . = ALIGN (0x4)
 *(.isr_vector)
 .isr_vector    0x08000000      0x188 CMakeFiles/C_board_study.elf.dir/startup/startup_stm32f407xx.s.obj
                0x08000000                g_pfnVectors
                0x08000188                . = ALIGN (0x4)

.text           0x08000188     0x2da0
                0x08000188                . = ALIGN (0x4)
 *(.text)
 .text          0x08000188       0x40 f:/7 2017-q4-major/bin/../lib/gcc/arm-none-eabi/7.2.1/thumb/v7e-m/crtbegin.o
 .text          0x080001c8      0x21c f:/7 2017-q4-major/bin/../lib/gcc/arm-none-eabi/7.2.1/thumb/v7e-m\libgcc.a(_arm_addsubsf3.o)
                0x080001c8                __aeabi_frsub
                0x080001d0                __subsf3
                0x080001d0                __aeabi_fsub
                0x080001d4                __aeabi_fadd
                0x080001d4                __addsf3
                0x08000334                __aeabi_ui2f
                0x08000334                __floatunsisf
                0x0800033c                __aeabi_i2f
                0x0800033c                __floatsisf
                0x08000358                __aeabi_ul2f
                0x08000358                __floatundisf
                0x08000368                __aeabi_l2f
                0x08000368                __floatdisf
 .text          0x080003e4      0x2a0 f:/7 2017-q4-major/bin/../lib/gcc/arm-none-eabi/7.2.1/thumb/v7e-m\libgcc.a(_arm_muldivsf3.o)
                0x080003e4                __mulsf3
                0x080003e4                __aeabi_fmul
                0x0800054c                __aeabi_fdiv
                0x0800054c                __divsf3
 .text          0x08000684       0x30 f:/7 2017-q4-major/bin/../lib/gcc/arm-none-eabi/7.2.1/thumb/v7e-m\libgcc.a(_aeabi_uldivmod.o)
                0x08000684                __aeabi_uldivmod
 .text          0x080006b4      0x2cc f:/7 2017-q4-major/bin/../lib/gcc/arm-none-eabi/7.2.1/thumb/v7e-m\libgcc.a(_udivmoddi4.o)
                0x080006b4                __udivmoddi4
 .text          0x08000980        0x4 f:/7 2017-q4-major/bin/../lib/gcc/arm-none-eabi/7.2.1/thumb/v7e-m\libgcc.a(_dvmd_tls.o)
                0x08000980                __aeabi_idiv0
                0x08000980                __aeabi_ldiv0
 *(.text*)
 .text.adcx_get_chx_value
                0x08000984       0x3c CMakeFiles/C_board_study.elf.dir/Core/Src/adc.c.obj
 .text.MX_ADC1_Init
                0x080009c0       0x70 CMakeFiles/C_board_study.elf.dir/Core/Src/adc.c.obj
                0x080009c0                MX_ADC1_Init
 .text.MX_ADC3_Init
                0x08000a30       0x70 CMakeFiles/C_board_study.elf.dir/Core/Src/adc.c.obj
                0x08000a30                MX_ADC3_Init
 .text.HAL_ADC_MspInit
                0x08000aa0       0x90 CMakeFiles/C_board_study.elf.dir/Core/Src/adc.c.obj
                0x08000aa0                HAL_ADC_MspInit
 .text.init_vrefint_reciprocal
                0x08000b30       0x3c CMakeFiles/C_board_study.elf.dir/Core/Src/adc.c.obj
                0x08000b30                init_vrefint_reciprocal
 .text.ADC_Init
                0x08000b6c       0x10 CMakeFiles/C_board_study.elf.dir/Core/Src/adc.c.obj
                0x08000b6c                ADC_Init
 .text.HAL_GPIO_EXTI_Callback
                0x08000b7c       0x30 CMakeFiles/C_board_study.elf.dir/Core/Src/bsp_key.c.obj
                0x08000b7c                HAL_GPIO_EXTI_Callback
 .text.MX_GPIO_Init
                0x08000bac       0xf8 CMakeFiles/C_board_study.elf.dir/Core/Src/gpio.c.obj
                0x08000bac                MX_GPIO_Init
 .text.LED_Init
                0x08000ca4       0x30 CMakeFiles/C_board_study.elf.dir/Core/Src/gpio.c.obj
                0x08000ca4                LED_Init
 .text.Error_Handler
                0x08000cd4        0x4 CMakeFiles/C_board_study.elf.dir/Core/Src/main.c.obj
                0x08000cd4                Error_Handler
 .text.SystemClock_Config
                0x08000cd8       0xa8 CMakeFiles/C_board_study.elf.dir/Core/Src/main.c.obj
                0x08000cd8                SystemClock_Config
 .text.main     0x08000d80       0x20 CMakeFiles/C_board_study.elf.dir/Core/Src/main.c.obj
                0x08000d80                main
 .text.HAL_MspInit
                0x08000da0       0x38 CMakeFiles/C_board_study.elf.dir/Core/Src/stm32f4xx_hal_msp.c.obj
                0x08000da0                HAL_MspInit
 .text.NMI_Handler
                0x08000dd8        0x2 CMakeFiles/C_board_study.elf.dir/Core/Src/stm32f4xx_it.c.obj
                0x08000dd8                NMI_Handler
 .text.HardFault_Handler
                0x08000dda        0x2 CMakeFiles/C_board_study.elf.dir/Core/Src/stm32f4xx_it.c.obj
                0x08000dda                HardFault_Handler
 .text.MemManage_Handler
                0x08000ddc        0x2 CMakeFiles/C_board_study.elf.dir/Core/Src/stm32f4xx_it.c.obj
                0x08000ddc                MemManage_Handler
 .text.BusFault_Handler
                0x08000dde        0x2 CMakeFiles/C_board_study.elf.dir/Core/Src/stm32f4xx_it.c.obj
                0x08000dde                BusFault_Handler
 .text.UsageFault_Handler
                0x08000de0        0x2 CMakeFiles/C_board_study.elf.dir/Core/Src/stm32f4xx_it.c.obj
                0x08000de0                UsageFault_Handler
 .text.SVC_Handler
                0x08000de2        0x2 CMakeFiles/C_board_study.elf.dir/Core/Src/stm32f4xx_it.c.obj
                0x08000de2                SVC_Handler
 .text.DebugMon_Handler
                0x08000de4        0x2 CMakeFiles/C_board_study.elf.dir/Core/Src/stm32f4xx_it.c.obj
                0x08000de4                DebugMon_Handler
 .text.PendSV_Handler
                0x08000de6        0x2 CMakeFiles/C_board_study.elf.dir/Core/Src/stm32f4xx_it.c.obj
                0x08000de6                PendSV_Handler
 .text.SysTick_Handler
                0x08000de8        0x8 CMakeFiles/C_board_study.elf.dir/Core/Src/stm32f4xx_it.c.obj
                0x08000de8                SysTick_Handler
 .text.EXTI0_IRQHandler
                0x08000df0        0xa CMakeFiles/C_board_study.elf.dir/Core/Src/stm32f4xx_it.c.obj
                0x08000df0                EXTI0_IRQHandler
 *fill*         0x08000dfa        0x2 
 .text.TIM1_UP_TIM10_IRQHandler
                0x08000dfc       0x10 CMakeFiles/C_board_study.elf.dir/Core/Src/stm32f4xx_it.c.obj
                0x08000dfc                TIM1_UP_TIM10_IRQHandler
 .text.SystemInit
                0x08000e0c       0x10 CMakeFiles/C_board_study.elf.dir/Core/Src/system_stm32f4xx.c.obj
                0x08000e0c                SystemInit
 .text.HAL_TIM_Base_MspInit
                0x08000e1c       0xb0 CMakeFiles/C_board_study.elf.dir/Core/Src/tim.c.obj
                0x08000e1c                HAL_TIM_Base_MspInit
 .text.HAL_TIM_MspPostInit
                0x08000ecc      0x108 CMakeFiles/C_board_study.elf.dir/Core/Src/tim.c.obj
                0x08000ecc                HAL_TIM_MspPostInit
 .text.MX_TIM1_Init
                0x08000fd4      0x128 CMakeFiles/C_board_study.elf.dir/Core/Src/tim.c.obj
                0x08000fd4                MX_TIM1_Init
 .text.MX_TIM4_Init
                0x080010fc       0xb0 CMakeFiles/C_board_study.elf.dir/Core/Src/tim.c.obj
                0x080010fc                MX_TIM4_Init
 .text.MX_TIM5_Init
                0x080011ac       0xc8 CMakeFiles/C_board_study.elf.dir/Core/Src/tim.c.obj
                0x080011ac                MX_TIM5_Init
 .text.MX_TIM8_Init
                0x08001274      0x114 CMakeFiles/C_board_study.elf.dir/Core/Src/tim.c.obj
                0x08001274                MX_TIM8_Init
 .text.TIM_Init
                0x08001388       0x9c CMakeFiles/C_board_study.elf.dir/Core/Src/tim.c.obj
                0x08001388                TIM_Init
 .text.USART1_IRQHandler
                0x08001424       0x50 CMakeFiles/C_board_study.elf.dir/Core/Src/usart.c.obj
                0x08001424                USART1_IRQHandler
 .text.USART6_IRQHandler
                0x08001474       0x50 CMakeFiles/C_board_study.elf.dir/Core/Src/usart.c.obj
                0x08001474                USART6_IRQHandler
 .text.USART_RevSend
                0x080014c4       0x38 CMakeFiles/C_board_study.elf.dir/Core/Src/usart.c.obj
                0x080014c4                USART_RevSend
 .text.HAL_InitTick
                0x080014fc       0x4c CMakeFiles/C_board_study.elf.dir/Drivers/STM32F4xx_HAL_Driver/Src/stm32f4xx_hal.c.obj
                0x080014fc                HAL_InitTick
 .text.HAL_Init
                0x08001548       0x34 CMakeFiles/C_board_study.elf.dir/Drivers/STM32F4xx_HAL_Driver/Src/stm32f4xx_hal.c.obj
                0x08001548                HAL_Init
 .text.HAL_IncTick
                0x0800157c       0x18 CMakeFiles/C_board_study.elf.dir/Drivers/STM32F4xx_HAL_Driver/Src/stm32f4xx_hal.c.obj
                0x0800157c                HAL_IncTick
 .text.HAL_GetTick
                0x08001594        0xc CMakeFiles/C_board_study.elf.dir/Drivers/STM32F4xx_HAL_Driver/Src/stm32f4xx_hal.c.obj
                0x08001594                HAL_GetTick
 .text.HAL_Delay
                0x080015a0       0x28 CMakeFiles/C_board_study.elf.dir/Drivers/STM32F4xx_HAL_Driver/Src/stm32f4xx_hal.c.obj
                0x080015a0                HAL_Delay
 .text.ADC_Init
                0x080015c8      0x134 CMakeFiles/C_board_study.elf.dir/Drivers/STM32F4xx_HAL_Driver/Src/stm32f4xx_hal_adc.c.obj
 .text.HAL_ADC_Init
                0x080016fc       0x56 CMakeFiles/C_board_study.elf.dir/Drivers/STM32F4xx_HAL_Driver/Src/stm32f4xx_hal_adc.c.obj
                0x080016fc                HAL_ADC_Init
 *fill*         0x08001752        0x2 
 .text.HAL_ADC_Start
                0x08001754      0x134 CMakeFiles/C_board_study.elf.dir/Drivers/STM32F4xx_HAL_Driver/Src/stm32f4xx_hal_adc.c.obj
                0x08001754                HAL_ADC_Start
 .text.HAL_ADC_PollForConversion
                0x08001888       0xb6 CMakeFiles/C_board_study.elf.dir/Drivers/STM32F4xx_HAL_Driver/Src/stm32f4xx_hal_adc.c.obj
                0x08001888                HAL_ADC_PollForConversion
 .text.HAL_ADC_GetValue
                0x0800193e        0x6 CMakeFiles/C_board_study.elf.dir/Drivers/STM32F4xx_HAL_Driver/Src/stm32f4xx_hal_adc.c.obj
                0x0800193e                HAL_ADC_GetValue
 .text.HAL_ADC_ConfigChannel
                0x08001944      0x190 CMakeFiles/C_board_study.elf.dir/Drivers/STM32F4xx_HAL_Driver/Src/stm32f4xx_hal_adc.c.obj
                0x08001944                HAL_ADC_ConfigChannel
 .text.HAL_NVIC_SetPriorityGrouping
                0x08001ad4       0x24 CMakeFiles/C_board_study.elf.dir/Drivers/STM32F4xx_HAL_Driver/Src/stm32f4xx_hal_cortex.c.obj
                0x08001ad4                HAL_NVIC_SetPriorityGrouping
 .text.HAL_NVIC_SetPriority
                0x08001af8       0x68 CMakeFiles/C_board_study.elf.dir/Drivers/STM32F4xx_HAL_Driver/Src/stm32f4xx_hal_cortex.c.obj
                0x08001af8                HAL_NVIC_SetPriority
 .text.HAL_NVIC_EnableIRQ
                0x08001b60       0x1c CMakeFiles/C_board_study.elf.dir/Drivers/STM32F4xx_HAL_Driver/Src/stm32f4xx_hal_cortex.c.obj
                0x08001b60                HAL_NVIC_EnableIRQ
 .text.HAL_SYSTICK_Config
                0x08001b7c       0x2c CMakeFiles/C_board_study.elf.dir/Drivers/STM32F4xx_HAL_Driver/Src/stm32f4xx_hal_cortex.c.obj
                0x08001b7c                HAL_SYSTICK_Config
 .text.HAL_GPIO_Init
                0x08001ba8      0x1c8 CMakeFiles/C_board_study.elf.dir/Drivers/STM32F4xx_HAL_Driver/Src/stm32f4xx_hal_gpio.c.obj
                0x08001ba8                HAL_GPIO_Init
 .text.HAL_GPIO_ReadPin
                0x08001d70        0xe CMakeFiles/C_board_study.elf.dir/Drivers/STM32F4xx_HAL_Driver/Src/stm32f4xx_hal_gpio.c.obj
                0x08001d70                HAL_GPIO_ReadPin
 .text.HAL_GPIO_WritePin
                0x08001d7e        0xc CMakeFiles/C_board_study.elf.dir/Drivers/STM32F4xx_HAL_Driver/Src/stm32f4xx_hal_gpio.c.obj
                0x08001d7e                HAL_GPIO_WritePin
 .text.HAL_GPIO_TogglePin
                0x08001d8a       0x12 CMakeFiles/C_board_study.elf.dir/Drivers/STM32F4xx_HAL_Driver/Src/stm32f4xx_hal_gpio.c.obj
                0x08001d8a                HAL_GPIO_TogglePin
 .text.HAL_GPIO_EXTI_IRQHandler
                0x08001d9c       0x1c CMakeFiles/C_board_study.elf.dir/Drivers/STM32F4xx_HAL_Driver/Src/stm32f4xx_hal_gpio.c.obj
                0x08001d9c                HAL_GPIO_EXTI_IRQHandler
 .text.HAL_RCC_OscConfig
                0x08001db8      0x3ec CMakeFiles/C_board_study.elf.dir/Drivers/STM32F4xx_HAL_Driver/Src/stm32f4xx_hal_rcc.c.obj
                0x08001db8                HAL_RCC_OscConfig
 .text.HAL_RCC_GetSysClockFreq
                0x080021a4       0xa8 CMakeFiles/C_board_study.elf.dir/Drivers/STM32F4xx_HAL_Driver/Src/stm32f4xx_hal_rcc.c.obj
                0x080021a4                HAL_RCC_GetSysClockFreq
 .text.HAL_RCC_ClockConfig
                0x0800224c      0x160 CMakeFiles/C_board_study.elf.dir/Drivers/STM32F4xx_HAL_Driver/Src/stm32f4xx_hal_rcc.c.obj
                0x0800224c                HAL_RCC_ClockConfig
 .text.TIM_OC1_SetConfig
                0x080023ac       0x68 CMakeFiles/C_board_study.elf.dir/Drivers/STM32F4xx_HAL_Driver/Src/stm32f4xx_hal_tim.c.obj
 .text.TIM_OC3_SetConfig
                0x08002414       0x70 CMakeFiles/C_board_study.elf.dir/Drivers/STM32F4xx_HAL_Driver/Src/stm32f4xx_hal_tim.c.obj
 .text.TIM_OC4_SetConfig
                0x08002484       0x50 CMakeFiles/C_board_study.elf.dir/Drivers/STM32F4xx_HAL_Driver/Src/stm32f4xx_hal_tim.c.obj
 .text.TIM_TI1_ConfigInputStage
                0x080024d4       0x24 CMakeFiles/C_board_study.elf.dir/Drivers/STM32F4xx_HAL_Driver/Src/stm32f4xx_hal_tim.c.obj
 .text.TIM_TI2_ConfigInputStage
                0x080024f8       0x26 CMakeFiles/C_board_study.elf.dir/Drivers/STM32F4xx_HAL_Driver/Src/stm32f4xx_hal_tim.c.obj
 .text.TIM_ITRx_SetConfig
                0x0800251e       0x10 CMakeFiles/C_board_study.elf.dir/Drivers/STM32F4xx_HAL_Driver/Src/stm32f4xx_hal_tim.c.obj
 .text.HAL_TIM_Base_Start
                0x0800252e       0x24 CMakeFiles/C_board_study.elf.dir/Drivers/STM32F4xx_HAL_Driver/Src/stm32f4xx_hal_tim.c.obj
                0x0800252e                HAL_TIM_Base_Start
 .text.HAL_TIM_PWM_MspInit
                0x08002552        0x2 CMakeFiles/C_board_study.elf.dir/Drivers/STM32F4xx_HAL_Driver/Src/stm32f4xx_hal_tim.c.obj
                0x08002552                HAL_TIM_PWM_MspInit
 .text.HAL_TIM_PeriodElapsedCallback
                0x08002554        0x2 CMakeFiles/C_board_study.elf.dir/Drivers/STM32F4xx_HAL_Driver/Src/stm32f4xx_hal_tim.c.obj
                0x08002554                HAL_TIM_PeriodElapsedCallback
 .text.HAL_TIM_OC_DelayElapsedCallback
                0x08002556        0x2 CMakeFiles/C_board_study.elf.dir/Drivers/STM32F4xx_HAL_Driver/Src/stm32f4xx_hal_tim.c.obj
                0x08002556                HAL_TIM_OC_DelayElapsedCallback
 .text.HAL_TIM_IC_CaptureCallback
                0x08002558        0x2 CMakeFiles/C_board_study.elf.dir/Drivers/STM32F4xx_HAL_Driver/Src/stm32f4xx_hal_tim.c.obj
                0x08002558                HAL_TIM_IC_CaptureCallback
 .text.HAL_TIM_PWM_PulseFinishedCallback
                0x0800255a        0x2 CMakeFiles/C_board_study.elf.dir/Drivers/STM32F4xx_HAL_Driver/Src/stm32f4xx_hal_tim.c.obj
                0x0800255a                HAL_TIM_PWM_PulseFinishedCallback
 .text.HAL_TIM_TriggerCallback
                0x0800255c        0x2 CMakeFiles/C_board_study.elf.dir/Drivers/STM32F4xx_HAL_Driver/Src/stm32f4xx_hal_tim.c.obj
                0x0800255c                HAL_TIM_TriggerCallback
 .text.HAL_TIM_IRQHandler
                0x0800255e      0x17a CMakeFiles/C_board_study.elf.dir/Drivers/STM32F4xx_HAL_Driver/Src/stm32f4xx_hal_tim.c.obj
                0x0800255e                HAL_TIM_IRQHandler
 .text.TIM_Base_SetConfig
                0x080026d8       0xc8 CMakeFiles/C_board_study.elf.dir/Drivers/STM32F4xx_HAL_Driver/Src/stm32f4xx_hal_tim.c.obj
                0x080026d8                TIM_Base_SetConfig
 .text.HAL_TIM_Base_Init
                0x080027a0       0x32 CMakeFiles/C_board_study.elf.dir/Drivers/STM32F4xx_HAL_Driver/Src/stm32f4xx_hal_tim.c.obj
                0x080027a0                HAL_TIM_Base_Init
 .text.HAL_TIM_PWM_Init
                0x080027d2       0x32 CMakeFiles/C_board_study.elf.dir/Drivers/STM32F4xx_HAL_Driver/Src/stm32f4xx_hal_tim.c.obj
                0x080027d2                HAL_TIM_PWM_Init
 .text.TIM_OC2_SetConfig
                0x08002804       0x70 CMakeFiles/C_board_study.elf.dir/Drivers/STM32F4xx_HAL_Driver/Src/stm32f4xx_hal_tim.c.obj
                0x08002804                TIM_OC2_SetConfig
 .text.HAL_TIM_PWM_ConfigChannel
                0x08002874       0xdc CMakeFiles/C_board_study.elf.dir/Drivers/STM32F4xx_HAL_Driver/Src/stm32f4xx_hal_tim.c.obj
                0x08002874                HAL_TIM_PWM_ConfigChannel
 .text.TIM_ETR_SetConfig
                0x08002950       0x16 CMakeFiles/C_board_study.elf.dir/Drivers/STM32F4xx_HAL_Driver/Src/stm32f4xx_hal_tim.c.obj
                0x08002950                TIM_ETR_SetConfig
 .text.HAL_TIM_ConfigClockSource
                0x08002966       0xda CMakeFiles/C_board_study.elf.dir/Drivers/STM32F4xx_HAL_Driver/Src/stm32f4xx_hal_tim.c.obj
                0x08002966                HAL_TIM_ConfigClockSource
 .text.TIM_CCxChannelCmd
                0x08002a40       0x20 CMakeFiles/C_board_study.elf.dir/Drivers/STM32F4xx_HAL_Driver/Src/stm32f4xx_hal_tim.c.obj
                0x08002a40                TIM_CCxChannelCmd
 .text.HAL_TIM_PWM_Start
                0x08002a60       0x40 CMakeFiles/C_board_study.elf.dir/Drivers/STM32F4xx_HAL_Driver/Src/stm32f4xx_hal_tim.c.obj
                0x08002a60                HAL_TIM_PWM_Start
 .text.HAL_TIMEx_MasterConfigSynchronization
                0x08002aa0       0x88 CMakeFiles/C_board_study.elf.dir/Drivers/STM32F4xx_HAL_Driver/Src/stm32f4xx_hal_tim_ex.c.obj
                0x08002aa0                HAL_TIMEx_MasterConfigSynchronization
 .text.HAL_TIMEx_ConfigBreakDeadTime
                0x08002b28       0x52 CMakeFiles/C_board_study.elf.dir/Drivers/STM32F4xx_HAL_Driver/Src/stm32f4xx_hal_tim_ex.c.obj
                0x08002b28                HAL_TIMEx_ConfigBreakDeadTime
 .text.HAL_TIMEx_CommutCallback
                0x08002b7a        0x2 CMakeFiles/C_board_study.elf.dir/Drivers/STM32F4xx_HAL_Driver/Src/stm32f4xx_hal_tim_ex.c.obj
                0x08002b7a                HAL_TIMEx_CommutCallback
 .text.HAL_TIMEx_BreakCallback
                0x08002b7c        0x2 CMakeFiles/C_board_study.elf.dir/Drivers/STM32F4xx_HAL_Driver/Src/stm32f4xx_hal_tim_ex.c.obj
                0x08002b7c                HAL_TIMEx_BreakCallback
 .text.UART_WaitOnFlagUntilTimeout
                0x08002b7e       0x62 CMakeFiles/C_board_study.elf.dir/Drivers/STM32F4xx_HAL_Driver/Src/stm32f4xx_hal_uart.c.obj
 .text.HAL_UART_Transmit
                0x08002be0       0xe2 CMakeFiles/C_board_study.elf.dir/Drivers/STM32F4xx_HAL_Driver/Src/stm32f4xx_hal_uart.c.obj
                0x08002be0                HAL_UART_Transmit
 *fill*         0x08002cc2        0x2 
 .text.Reset_Handler
                0x08002cc4       0x50 CMakeFiles/C_board_study.elf.dir/startup/startup_stm32f407xx.s.obj
                0x08002cc4                Reset_Handler
 .text.Default_Handler
                0x08002d14        0x2 CMakeFiles/C_board_study.elf.dir/startup/startup_stm32f407xx.s.obj
                0x08002d14                RTC_Alarm_IRQHandler
                0x08002d14                HASH_RNG_IRQHandler
                0x08002d14                EXTI2_IRQHandler
                0x08002d14                TIM8_CC_IRQHandler
                0x08002d14                TIM1_CC_IRQHandler
                0x08002d14                DMA2_Stream5_IRQHandler
                0x08002d14                DMA1_Stream5_IRQHandler
                0x08002d14                PVD_IRQHandler
                0x08002d14                SDIO_IRQHandler
                0x08002d14                TAMP_STAMP_IRQHandler
                0x08002d14                CAN2_RX1_IRQHandler
                0x08002d14                EXTI3_IRQHandler
                0x08002d14                TIM8_TRG_COM_TIM14_IRQHandler
                0x08002d14                TIM8_UP_TIM13_IRQHandler
                0x08002d14                I2C3_ER_IRQHandler
                0x08002d14                I2C2_EV_IRQHandler
                0x08002d14                DMA1_Stream2_IRQHandler
                0x08002d14                CAN1_RX0_IRQHandler
                0x08002d14                FPU_IRQHandler
                0x08002d14                OTG_HS_WKUP_IRQHandler
                0x08002d14                CAN2_SCE_IRQHandler
                0x08002d14                DMA2_Stream2_IRQHandler
                0x08002d14                SPI1_IRQHandler
                0x08002d14                TIM6_DAC_IRQHandler
                0x08002d14                TIM1_BRK_TIM9_IRQHandler
                0x08002d14                DCMI_IRQHandler
                0x08002d14                CAN2_RX0_IRQHandler
                0x08002d14                DMA2_Stream3_IRQHandler
                0x08002d14                USART3_IRQHandler
                0x08002d14                CAN1_RX1_IRQHandler
                0x08002d14                UART5_IRQHandler
                0x08002d14                DMA2_Stream0_IRQHandler
                0x08002d14                TIM4_IRQHandler
                0x08002d14                I2C1_EV_IRQHandler
                0x08002d14                DMA1_Stream6_IRQHandler
                0x08002d14                DMA1_Stream1_IRQHandler
                0x08002d14                UART4_IRQHandler
                0x08002d14                TIM3_IRQHandler
                0x08002d14                RCC_IRQHandler
                0x08002d14                TIM8_BRK_TIM12_IRQHandler
                0x08002d14                Default_Handler
                0x08002d14                EXTI15_10_IRQHandler
                0x08002d14                ADC_IRQHandler
                0x08002d14                DMA1_Stream7_IRQHandler
                0x08002d14                TIM7_IRQHandler
                0x08002d14                CAN2_TX_IRQHandler
                0x08002d14                TIM5_IRQHandler
                0x08002d14                DMA2_Stream7_IRQHandler
                0x08002d14                I2C3_EV_IRQHandler
                0x08002d14                EXTI9_5_IRQHandler
                0x08002d14                RTC_WKUP_IRQHandler
                0x08002d14                ETH_WKUP_IRQHandler
                0x08002d14                SPI2_IRQHandler
                0x08002d14                OTG_HS_EP1_IN_IRQHandler
                0x08002d14                DMA1_Stream0_IRQHandler
                0x08002d14                CAN1_TX_IRQHandler
                0x08002d14                EXTI4_IRQHandler
                0x08002d14                FSMC_IRQHandler
                0x08002d14                ETH_IRQHandler
                0x08002d14                OTG_HS_EP1_OUT_IRQHandler
                0x08002d14                WWDG_IRQHandler
                0x08002d14                TIM2_IRQHandler
                0x08002d14                OTG_FS_WKUP_IRQHandler
                0x08002d14                TIM1_TRG_COM_TIM11_IRQHandler
                0x08002d14                OTG_HS_IRQHandler
                0x08002d14                EXTI1_IRQHandler
                0x08002d14                USART2_IRQHandler
                0x08002d14                I2C2_ER_IRQHandler
                0x08002d14                DMA2_Stream1_IRQHandler
                0x08002d14                CAN1_SCE_IRQHandler
                0x08002d14                FLASH_IRQHandler
                0x08002d14                DMA2_Stream4_IRQHandler
                0x08002d14                OTG_FS_IRQHandler
                0x08002d14                SPI3_IRQHandler
                0x08002d14                DMA1_Stream4_IRQHandler
                0x08002d14                I2C1_ER_IRQHandler
                0x08002d14                DMA2_Stream6_IRQHandler
                0x08002d14                DMA1_Stream3_IRQHandler
 *fill*         0x08002d16        0x2 
 .text.__libc_init_array
                0x08002d18       0x48 f:/7 2017-q4-major/bin/../lib/gcc/arm-none-eabi/7.2.1/../../../../arm-none-eabi/lib/thumb/v7e-m\libg.a(lib_a-init.o)
                0x08002d18                __libc_init_array
 .text.memset   0x08002d60       0x94 f:/7 2017-q4-major/bin/../lib/gcc/arm-none-eabi/7.2.1/../../../../arm-none-eabi/lib/thumb/v7e-m\libg.a(lib_a-memset.o)
                0x08002d60                memset
 .text.startup.register_fini
                0x08002df4       0x14 f:/7 2017-q4-major/bin/../lib/gcc/arm-none-eabi/7.2.1/../../../../arm-none-eabi/lib/thumb/v7e-m\libg.a(lib_a-__call_atexit.o)
 .text.atexit   0x08002e08        0xc f:/7 2017-q4-major/bin/../lib/gcc/arm-none-eabi/7.2.1/../../../../arm-none-eabi/lib/thumb/v7e-m\libg.a(lib_a-atexit.o)
                0x08002e08                atexit
 .text.__libc_fini_array
                0x08002e14       0x34 f:/7 2017-q4-major/bin/../lib/gcc/arm-none-eabi/7.2.1/../../../../arm-none-eabi/lib/thumb/v7e-m\libg.a(lib_a-fini.o)
                0x08002e14                __libc_fini_array
 .text.__retarget_lock_acquire_recursive
                0x08002e48        0x4 f:/7 2017-q4-major/bin/../lib/gcc/arm-none-eabi/7.2.1/../../../../arm-none-eabi/lib/thumb/v7e-m\libg.a(lib_a-lock.o)
                0x08002e48                __retarget_lock_acquire_recursive
 .text.__retarget_lock_release_recursive
                0x08002e4c        0x4 f:/7 2017-q4-major/bin/../lib/gcc/arm-none-eabi/7.2.1/../../../../arm-none-eabi/lib/thumb/v7e-m\libg.a(lib_a-lock.o)
                0x08002e4c                __retarget_lock_release_recursive
 .text.__register_exitproc
                0x08002e50       0xc0 f:/7 2017-q4-major/bin/../lib/gcc/arm-none-eabi/7.2.1/../../../../arm-none-eabi/lib/thumb/v7e-m\libg.a(lib_a-__atexit.o)
                0x08002e50                __register_exitproc
 *(.glue_7)
 .glue_7        0x08002f10        0x0 linker stubs
 *(.glue_7t)
 .glue_7t       0x08002f10        0x0 linker stubs
 *(.eh_frame)
 .eh_frame      0x08002f10        0x0 f:/7 2017-q4-major/bin/../lib/gcc/arm-none-eabi/7.2.1/thumb/v7e-m/crtbegin.o
 *(.init)
 .init          0x08002f10        0x4 f:/7 2017-q4-major/bin/../lib/gcc/arm-none-eabi/7.2.1/thumb/v7e-m/crti.o
                0x08002f10                _init
 .init          0x08002f14        0x8 f:/7 2017-q4-major/bin/../lib/gcc/arm-none-eabi/7.2.1/thumb/v7e-m/crtn.o
 *(.fini)
 .fini          0x08002f1c        0x4 f:/7 2017-q4-major/bin/../lib/gcc/arm-none-eabi/7.2.1/thumb/v7e-m/crti.o
                0x08002f1c                _fini
 .fini          0x08002f20        0x8 f:/7 2017-q4-major/bin/../lib/gcc/arm-none-eabi/7.2.1/thumb/v7e-m/crtn.o
                0x08002f28                . = ALIGN (0x4)
                0x08002f28                _etext = .

.vfp11_veneer   0x08002f28        0x0
 .vfp11_veneer  0x08002f28        0x0 linker stubs

.v4_bx          0x08002f28        0x0
 .v4_bx         0x08002f28        0x0 linker stubs

.iplt           0x08002f28        0x0
 .iplt          0x08002f28        0x0 f:/7 2017-q4-major/bin/../lib/gcc/arm-none-eabi/7.2.1/thumb/v7e-m/crtbegin.o

.rodata         0x08002f28       0x24
                0x08002f28                . = ALIGN (0x4)
 *(.rodata)
 *(.rodata*)
 .rodata.AHBPrescTable
                0x08002f28       0x10 CMakeFiles/C_board_study.elf.dir/Core/Src/system_stm32f4xx.c.obj
                0x08002f28                AHBPrescTable
 .rodata.USART_RevSend.str1.4
                0x08002f38       0x10 CMakeFiles/C_board_study.elf.dir/Core/Src/usart.c.obj
                                  0xd (size before relaxing)
 .rodata._global_impure_ptr
                0x08002f48        0x4 f:/7 2017-q4-major/bin/../lib/gcc/arm-none-eabi/7.2.1/../../../../arm-none-eabi/lib/thumb/v7e-m\libg.a(lib_a-impure.o)
                0x08002f48                _global_impure_ptr
                0x08002f4c                . = ALIGN (0x4)

.ARM.extab
 *(.ARM.extab* .gnu.linkonce.armextab.*)

.ARM            0x08002f4c        0x8
                0x08002f4c                __exidx_start = .
 *(.ARM.exidx*)
 .ARM.exidx     0x08002f4c        0x8 f:/7 2017-q4-major/bin/../lib/gcc/arm-none-eabi/7.2.1/thumb/v7e-m\libgcc.a(_udivmoddi4.o)
                0x08002f54                __exidx_end = .

.rel.dyn        0x08002f54        0x0
 .rel.iplt      0x08002f54        0x0 f:/7 2017-q4-major/bin/../lib/gcc/arm-none-eabi/7.2.1/thumb/v7e-m/crtbegin.o

.preinit_array  0x08002f54        0x0
                0x08002f54                PROVIDE (__preinit_array_start, .)
 *(.preinit_array*)
                0x08002f54                PROVIDE (__preinit_array_end, .)

.init_array     0x08002f54        0x8
                0x08002f54                PROVIDE (__init_array_start, .)
 *(SORT_BY_NAME(.init_array.*))
 .init_array.00000
                0x08002f54        0x4 f:/7 2017-q4-major/bin/../lib/gcc/arm-none-eabi/7.2.1/../../../../arm-none-eabi/lib/thumb/v7e-m\libg.a(lib_a-__call_atexit.o)
 *(.init_array*)
 .init_array    0x08002f58        0x4 f:/7 2017-q4-major/bin/../lib/gcc/arm-none-eabi/7.2.1/thumb/v7e-m/crtbegin.o
                0x08002f5c                PROVIDE (__init_array_end, .)

.fini_array     0x08002f5c        0x4
                0x08002f5c                PROVIDE (__fini_array_start, .)
 *(SORT_BY_NAME(.fini_array.*))
 *(.fini_array*)
 .fini_array    0x08002f5c        0x4 f:/7 2017-q4-major/bin/../lib/gcc/arm-none-eabi/7.2.1/thumb/v7e-m/crtbegin.o
                0x08002f60                PROVIDE (__fini_array_end, .)
                0x08002f60                _sidata = LOADADDR (.data)

.data           0x20000000      0x43c load address 0x08002f60
                0x20000000                . = ALIGN (0x4)
                0x20000000                _sdata = .
 *(.data)
 *(.data*)
 .data.voltage_vrefint_proportion
                0x20000000        0x4 CMakeFiles/C_board_study.elf.dir/Core/Src/adc.c.obj
                0x20000000                voltage_vrefint_proportion
 .data.SystemCoreClock
                0x20000004        0x4 CMakeFiles/C_board_study.elf.dir/Core/Src/system_stm32f4xx.c.obj
                0x20000004                SystemCoreClock
 .data.uwTickFreq
                0x20000008        0x1 CMakeFiles/C_board_study.elf.dir/Drivers/STM32F4xx_HAL_Driver/Src/stm32f4xx_hal.c.obj
                0x20000008                uwTickFreq
 *fill*         0x20000009        0x3 
 .data.uwTickPrio
                0x2000000c        0x4 CMakeFiles/C_board_study.elf.dir/Drivers/STM32F4xx_HAL_Driver/Src/stm32f4xx_hal.c.obj
                0x2000000c                uwTickPrio
 .data.impure_data
                0x20000010      0x428 f:/7 2017-q4-major/bin/../lib/gcc/arm-none-eabi/7.2.1/../../../../arm-none-eabi/lib/thumb/v7e-m\libg.a(lib_a-impure.o)
 .data.__atexit_recursive_mutex
                0x20000438        0x4 f:/7 2017-q4-major/bin/../lib/gcc/arm-none-eabi/7.2.1/../../../../arm-none-eabi/lib/thumb/v7e-m\libg.a(lib_a-__call_atexit.o)
                0x20000438                __atexit_recursive_mutex
                0x2000043c                . = ALIGN (0x4)
                0x2000043c                _edata = .
                0x0800339c                _siccmram = LOADADDR (.ccmram)

.igot.plt       0x2000043c        0x0 load address 0x0800339c
 .igot.plt      0x2000043c        0x0 f:/7 2017-q4-major/bin/../lib/gcc/arm-none-eabi/7.2.1/thumb/v7e-m/crtbegin.o

.ccmram         0x10000000        0x0 load address 0x0800339c
                0x10000000                . = ALIGN (0x4)
                0x10000000                _sccmram = .
 *(.ccmram)
 *(.ccmram*)
                0x10000000                . = ALIGN (0x4)
                0x10000000                _eccmram = .
                0x10000000                . = ALIGN (0x4)

.bss            0x2000043c      0x268
                0x2000043c                _sbss = .
                0x2000043c                __bss_start__ = _sbss
 *(.bss)
 .bss           0x2000043c       0x1c f:/7 2017-q4-major/bin/../lib/gcc/arm-none-eabi/7.2.1/thumb/v7e-m/crtbegin.o
 *(.bss*)
 .bss.hadc1     0x20000458       0x48 CMakeFiles/C_board_study.elf.dir/Core/Src/adc.c.obj
                0x20000458                hadc1
 .bss.hadc3     0x200004a0       0x48 CMakeFiles/C_board_study.elf.dir/Core/Src/adc.c.obj
                0x200004a0                hadc3
 .bss.sConfig.6913
                0x200004e8       0x10 CMakeFiles/C_board_study.elf.dir/Core/Src/adc.c.obj
 .bss.exit_flag
                0x200004f8        0x1 CMakeFiles/C_board_study.elf.dir/Core/Src/bsp_key.c.obj
                0x200004f8                exit_flag
 .bss.rising_falling_flag
                0x200004f9        0x1 CMakeFiles/C_board_study.elf.dir/Core/Src/bsp_key.c.obj
                0x200004f9                rising_falling_flag
 *fill*         0x200004fa        0x2 
 .bss.htim1     0x200004fc       0x40 CMakeFiles/C_board_study.elf.dir/Core/Src/tim.c.obj
                0x200004fc                htim1
 .bss.htim4     0x2000053c       0x40 CMakeFiles/C_board_study.elf.dir/Core/Src/tim.c.obj
                0x2000053c                htim4
 .bss.htim5     0x2000057c       0x40 CMakeFiles/C_board_study.elf.dir/Core/Src/tim.c.obj
                0x2000057c                htim5
 .bss.htim8     0x200005bc       0x40 CMakeFiles/C_board_study.elf.dir/Core/Src/tim.c.obj
                0x200005bc                htim8
 .bss.huart1    0x200005fc       0x40 CMakeFiles/C_board_study.elf.dir/Core/Src/usart.c.obj
                0x200005fc                huart1
 .bss.huart6    0x2000063c       0x40 CMakeFiles/C_board_study.elf.dir/Core/Src/usart.c.obj
                0x2000063c                huart6
 .bss.uwTick    0x2000067c        0x4 CMakeFiles/C_board_study.elf.dir/Drivers/STM32F4xx_HAL_Driver/Src/stm32f4xx_hal.c.obj
                0x2000067c                uwTick
 *(COMMON)
 COMMON         0x20000680       0x21 f:/7 2017-q4-major/bin/../lib/gcc/arm-none-eabi/7.2.1/../../../../arm-none-eabi/lib/thumb/v7e-m\libg.a(lib_a-lock.o)
                0x20000680                __lock___atexit_recursive_mutex
                0x20000684                __lock___arc4random_mutex
                0x20000688                __lock___env_recursive_mutex
                0x2000068c                __lock___sinit_recursive_mutex
                0x20000690                __lock___malloc_recursive_mutex
                0x20000694                __lock___at_quick_exit_mutex
                0x20000698                __lock___dd_hash_mutex
                0x2000069c                __lock___tz_mutex
                0x200006a0                __lock___sfp_recursive_mutex
                0x200006a4                . = ALIGN (0x4)
 *fill*         0x200006a1        0x3 
                0x200006a4                _ebss = .
                0x200006a4                __bss_end__ = _ebss

._user_heap_stack
                0x200006a4      0x604
                0x200006a8                . = ALIGN (0x8)
 *fill*         0x200006a4        0x4 
                0x200006a8                PROVIDE (end, .)
                [!provide]                PROVIDE (_end, .)
                0x200008a8                . = (. + _Min_Heap_Size)
 *fill*         0x200006a8      0x200 
                0x20000ca8                . = (. + _Min_Stack_Size)
 *fill*         0x200008a8      0x400 
                0x20000ca8                . = ALIGN (0x8)

/DISCARD/
 libc.a(*)
 libm.a(*)
 libgcc.a(*)

.ARM.attributes
                0x00000000       0x2a
 *(.ARM.attributes)
 .ARM.attributes
                0x00000000       0x1e f:/7 2017-q4-major/bin/../lib/gcc/arm-none-eabi/7.2.1/thumb/v7e-m/crti.o
 .ARM.attributes
                0x0000001e       0x2e f:/7 2017-q4-major/bin/../lib/gcc/arm-none-eabi/7.2.1/thumb/v7e-m/crtbegin.o
 .ARM.attributes
                0x0000004c       0x33 CMakeFiles/C_board_study.elf.dir/Core/Src/adc.c.obj
 .ARM.attributes
                0x0000007f       0x33 CMakeFiles/C_board_study.elf.dir/Core/Src/bsp_key.c.obj
 .ARM.attributes
                0x000000b2       0x33 CMakeFiles/C_board_study.elf.dir/Core/Src/gpio.c.obj
 .ARM.attributes
                0x000000e5       0x33 CMakeFiles/C_board_study.elf.dir/Core/Src/main.c.obj
 .ARM.attributes
                0x00000118       0x33 CMakeFiles/C_board_study.elf.dir/Core/Src/stm32f4xx_hal_msp.c.obj
 .ARM.attributes
                0x0000014b       0x33 CMakeFiles/C_board_study.elf.dir/Core/Src/stm32f4xx_it.c.obj
 .ARM.attributes
                0x0000017e       0x33 CMakeFiles/C_board_study.elf.dir/Core/Src/system_stm32f4xx.c.obj
 .ARM.attributes
                0x000001b1       0x33 CMakeFiles/C_board_study.elf.dir/Core/Src/tim.c.obj
 .ARM.attributes
                0x000001e4       0x33 CMakeFiles/C_board_study.elf.dir/Core/Src/usart.c.obj
 .ARM.attributes
                0x00000217       0x33 CMakeFiles/C_board_study.elf.dir/Drivers/STM32F4xx_HAL_Driver/Src/stm32f4xx_hal.c.obj
 .ARM.attributes
                0x0000024a       0x33 CMakeFiles/C_board_study.elf.dir/Drivers/STM32F4xx_HAL_Driver/Src/stm32f4xx_hal_adc.c.obj
 .ARM.attributes
                0x0000027d       0x33 CMakeFiles/C_board_study.elf.dir/Drivers/STM32F4xx_HAL_Driver/Src/stm32f4xx_hal_cortex.c.obj
 .ARM.attributes
                0x000002b0       0x33 CMakeFiles/C_board_study.elf.dir/Drivers/STM32F4xx_HAL_Driver/Src/stm32f4xx_hal_gpio.c.obj
 .ARM.attributes
                0x000002e3       0x33 CMakeFiles/C_board_study.elf.dir/Drivers/STM32F4xx_HAL_Driver/Src/stm32f4xx_hal_rcc.c.obj
 .ARM.attributes
                0x00000316       0x33 CMakeFiles/C_board_study.elf.dir/Drivers/STM32F4xx_HAL_Driver/Src/stm32f4xx_hal_tim.c.obj
 .ARM.attributes
                0x00000349       0x33 CMakeFiles/C_board_study.elf.dir/Drivers/STM32F4xx_HAL_Driver/Src/stm32f4xx_hal_tim_ex.c.obj
 .ARM.attributes
                0x0000037c       0x33 CMakeFiles/C_board_study.elf.dir/Drivers/STM32F4xx_HAL_Driver/Src/stm32f4xx_hal_uart.c.obj
 .ARM.attributes
                0x000003af       0x21 CMakeFiles/C_board_study.elf.dir/startup/startup_stm32f407xx.s.obj
 .ARM.attributes
                0x000003d0       0x1e f:/7 2017-q4-major/bin/../lib/gcc/arm-none-eabi/7.2.1/thumb/v7e-m\libgcc.a(_arm_addsubsf3.o)
 .ARM.attributes
                0x000003ee       0x1e f:/7 2017-q4-major/bin/../lib/gcc/arm-none-eabi/7.2.1/thumb/v7e-m\libgcc.a(_arm_muldivsf3.o)
 .ARM.attributes
                0x0000040c       0x1e f:/7 2017-q4-major/bin/../lib/gcc/arm-none-eabi/7.2.1/thumb/v7e-m\libgcc.a(_aeabi_uldivmod.o)
 .ARM.attributes
                0x0000042a       0x2e f:/7 2017-q4-major/bin/../lib/gcc/arm-none-eabi/7.2.1/thumb/v7e-m\libgcc.a(_udivmoddi4.o)
 .ARM.attributes
                0x00000458       0x1e f:/7 2017-q4-major/bin/../lib/gcc/arm-none-eabi/7.2.1/thumb/v7e-m\libgcc.a(_dvmd_tls.o)
 .ARM.attributes
                0x00000476       0x2e f:/7 2017-q4-major/bin/../lib/gcc/arm-none-eabi/7.2.1/../../../../arm-none-eabi/lib/thumb/v7e-m\libg.a(lib_a-impure.o)
 .ARM.attributes
                0x000004a4       0x2e f:/7 2017-q4-major/bin/../lib/gcc/arm-none-eabi/7.2.1/../../../../arm-none-eabi/lib/thumb/v7e-m\libg.a(lib_a-init.o)
 .ARM.attributes
                0x000004d2       0x2e f:/7 2017-q4-major/bin/../lib/gcc/arm-none-eabi/7.2.1/../../../../arm-none-eabi/lib/thumb/v7e-m\libg.a(lib_a-memset.o)
 .ARM.attributes
                0x00000500       0x2e f:/7 2017-q4-major/bin/../lib/gcc/arm-none-eabi/7.2.1/../../../../arm-none-eabi/lib/thumb/v7e-m\libg.a(lib_a-__call_atexit.o)
 .ARM.attributes
                0x0000052e       0x2e f:/7 2017-q4-major/bin/../lib/gcc/arm-none-eabi/7.2.1/../../../../arm-none-eabi/lib/thumb/v7e-m\libg.a(lib_a-atexit.o)
 .ARM.attributes
                0x0000055c       0x2e f:/7 2017-q4-major/bin/../lib/gcc/arm-none-eabi/7.2.1/../../../../arm-none-eabi/lib/thumb/v7e-m\libg.a(lib_a-fini.o)
 .ARM.attributes
                0x0000058a       0x2e f:/7 2017-q4-major/bin/../lib/gcc/arm-none-eabi/7.2.1/../../../../arm-none-eabi/lib/thumb/v7e-m\libg.a(lib_a-lock.o)
 .ARM.attributes
                0x000005b8       0x2e f:/7 2017-q4-major/bin/../lib/gcc/arm-none-eabi/7.2.1/../../../../arm-none-eabi/lib/thumb/v7e-m\libg.a(lib_a-__atexit.o)
 .ARM.attributes
                0x000005e6       0x1e f:/7 2017-q4-major/bin/../lib/gcc/arm-none-eabi/7.2.1/thumb/v7e-m/crtn.o
OUTPUT(C_board_study.elf elf32-littlearm)

.debug_info     0x00000000     0xfecd
 .debug_info    0x00000000      0xdb6 CMakeFiles/C_board_study.elf.dir/Core/Src/adc.c.obj
 .debug_info    0x00000db6      0x872 CMakeFiles/C_board_study.elf.dir/Core/Src/bsp_key.c.obj
 .debug_info    0x00001628      0x869 CMakeFiles/C_board_study.elf.dir/Core/Src/gpio.c.obj
 .debug_info    0x00001e91      0xffe CMakeFiles/C_board_study.elf.dir/Core/Src/main.c.obj
 .debug_info    0x00002e8f      0x35e CMakeFiles/C_board_study.elf.dir/Core/Src/stm32f4xx_hal_msp.c.obj
 .debug_info    0x000031ed      0x96c CMakeFiles/C_board_study.elf.dir/Core/Src/stm32f4xx_it.c.obj
 .debug_info    0x00003b59      0x555 CMakeFiles/C_board_study.elf.dir/Core/Src/system_stm32f4xx.c.obj
 .debug_info    0x000040ae     0x172d CMakeFiles/C_board_study.elf.dir/Core/Src/tim.c.obj
 .debug_info    0x000057db      0xf29 CMakeFiles/C_board_study.elf.dir/Core/Src/usart.c.obj
 .debug_info    0x00006704      0x9ed CMakeFiles/C_board_study.elf.dir/Drivers/STM32F4xx_HAL_Driver/Src/stm32f4xx_hal.c.obj
 .debug_info    0x000070f1      0xe0f CMakeFiles/C_board_study.elf.dir/Drivers/STM32F4xx_HAL_Driver/Src/stm32f4xx_hal_adc.c.obj
 .debug_info    0x00007f00      0xf88 CMakeFiles/C_board_study.elf.dir/Drivers/STM32F4xx_HAL_Driver/Src/stm32f4xx_hal_cortex.c.obj
 .debug_info    0x00008e88      0x7be CMakeFiles/C_board_study.elf.dir/Drivers/STM32F4xx_HAL_Driver/Src/stm32f4xx_hal_gpio.c.obj
 .debug_info    0x00009646      0xa90 CMakeFiles/C_board_study.elf.dir/Drivers/STM32F4xx_HAL_Driver/Src/stm32f4xx_hal_rcc.c.obj
 .debug_info    0x0000a0d6     0x31d7 CMakeFiles/C_board_study.elf.dir/Drivers/STM32F4xx_HAL_Driver/Src/stm32f4xx_hal_tim.c.obj
 .debug_info    0x0000d2ad     0x14e5 CMakeFiles/C_board_study.elf.dir/Drivers/STM32F4xx_HAL_Driver/Src/stm32f4xx_hal_tim_ex.c.obj
 .debug_info    0x0000e792     0x1719 CMakeFiles/C_board_study.elf.dir/Drivers/STM32F4xx_HAL_Driver/Src/stm32f4xx_hal_uart.c.obj
 .debug_info    0x0000feab       0x22 CMakeFiles/C_board_study.elf.dir/startup/startup_stm32f407xx.s.obj

.debug_abbrev   0x00000000     0x2206
 .debug_abbrev  0x00000000      0x26c CMakeFiles/C_board_study.elf.dir/Core/Src/adc.c.obj
 .debug_abbrev  0x0000026c      0x196 CMakeFiles/C_board_study.elf.dir/Core/Src/bsp_key.c.obj
 .debug_abbrev  0x00000402      0x179 CMakeFiles/C_board_study.elf.dir/Core/Src/gpio.c.obj
 .debug_abbrev  0x0000057b      0x215 CMakeFiles/C_board_study.elf.dir/Core/Src/main.c.obj
 .debug_abbrev  0x00000790      0x106 CMakeFiles/C_board_study.elf.dir/Core/Src/stm32f4xx_hal_msp.c.obj
 .debug_abbrev  0x00000896      0x19d CMakeFiles/C_board_study.elf.dir/Core/Src/stm32f4xx_it.c.obj
 .debug_abbrev  0x00000a33      0x128 CMakeFiles/C_board_study.elf.dir/Core/Src/system_stm32f4xx.c.obj
 .debug_abbrev  0x00000b5b      0x234 CMakeFiles/C_board_study.elf.dir/Core/Src/tim.c.obj
 .debug_abbrev  0x00000d8f      0x1e7 CMakeFiles/C_board_study.elf.dir/Core/Src/usart.c.obj
 .debug_abbrev  0x00000f76      0x1ea CMakeFiles/C_board_study.elf.dir/Drivers/STM32F4xx_HAL_Driver/Src/stm32f4xx_hal.c.obj
 .debug_abbrev  0x00001160      0x23f CMakeFiles/C_board_study.elf.dir/Drivers/STM32F4xx_HAL_Driver/Src/stm32f4xx_hal_adc.c.obj
 .debug_abbrev  0x0000139f      0x325 CMakeFiles/C_board_study.elf.dir/Drivers/STM32F4xx_HAL_Driver/Src/stm32f4xx_hal_cortex.c.obj
 .debug_abbrev  0x000016c4      0x1e4 CMakeFiles/C_board_study.elf.dir/Drivers/STM32F4xx_HAL_Driver/Src/stm32f4xx_hal_gpio.c.obj
 .debug_abbrev  0x000018a8      0x270 CMakeFiles/C_board_study.elf.dir/Drivers/STM32F4xx_HAL_Driver/Src/stm32f4xx_hal_rcc.c.obj
 .debug_abbrev  0x00001b18      0x223 CMakeFiles/C_board_study.elf.dir/Drivers/STM32F4xx_HAL_Driver/Src/stm32f4xx_hal_tim.c.obj
 .debug_abbrev  0x00001d3b      0x234 CMakeFiles/C_board_study.elf.dir/Drivers/STM32F4xx_HAL_Driver/Src/stm32f4xx_hal_tim_ex.c.obj
 .debug_abbrev  0x00001f6f      0x285 CMakeFiles/C_board_study.elf.dir/Drivers/STM32F4xx_HAL_Driver/Src/stm32f4xx_hal_uart.c.obj
 .debug_abbrev  0x000021f4       0x12 CMakeFiles/C_board_study.elf.dir/startup/startup_stm32f407xx.s.obj

.debug_loc      0x00000000     0x7d77
 .debug_loc     0x00000000      0x167 CMakeFiles/C_board_study.elf.dir/Core/Src/adc.c.obj
 .debug_loc     0x00000167       0x3a CMakeFiles/C_board_study.elf.dir/Core/Src/bsp_key.c.obj
 .debug_loc     0x000001a1      0x13e CMakeFiles/C_board_study.elf.dir/Core/Src/system_stm32f4xx.c.obj
 .debug_loc     0x000002df      0x10f CMakeFiles/C_board_study.elf.dir/Core/Src/tim.c.obj
 .debug_loc     0x000003ee       0xa6 CMakeFiles/C_board_study.elf.dir/Core/Src/usart.c.obj
 .debug_loc     0x00000494      0x11b CMakeFiles/C_board_study.elf.dir/Drivers/STM32F4xx_HAL_Driver/Src/stm32f4xx_hal.c.obj
 .debug_loc     0x000005af      0x9b4 CMakeFiles/C_board_study.elf.dir/Drivers/STM32F4xx_HAL_Driver/Src/stm32f4xx_hal_adc.c.obj
 .debug_loc     0x00000f63      0x5ce CMakeFiles/C_board_study.elf.dir/Drivers/STM32F4xx_HAL_Driver/Src/stm32f4xx_hal_cortex.c.obj
 .debug_loc     0x00001531      0x476 CMakeFiles/C_board_study.elf.dir/Drivers/STM32F4xx_HAL_Driver/Src/stm32f4xx_hal_gpio.c.obj
 .debug_loc     0x000019a7      0x40f CMakeFiles/C_board_study.elf.dir/Drivers/STM32F4xx_HAL_Driver/Src/stm32f4xx_hal_rcc.c.obj
 .debug_loc     0x00001db6     0x3888 CMakeFiles/C_board_study.elf.dir/Drivers/STM32F4xx_HAL_Driver/Src/stm32f4xx_hal_tim.c.obj
 .debug_loc     0x0000563e     0x11a0 CMakeFiles/C_board_study.elf.dir/Drivers/STM32F4xx_HAL_Driver/Src/stm32f4xx_hal_tim_ex.c.obj
 .debug_loc     0x000067de     0x1599 CMakeFiles/C_board_study.elf.dir/Drivers/STM32F4xx_HAL_Driver/Src/stm32f4xx_hal_uart.c.obj

.debug_aranges  0x00000000      0xca8
 .debug_aranges
                0x00000000       0x68 CMakeFiles/C_board_study.elf.dir/Core/Src/adc.c.obj
 .debug_aranges
                0x00000068       0x28 CMakeFiles/C_board_study.elf.dir/Core/Src/bsp_key.c.obj
 .debug_aranges
                0x00000090       0x28 CMakeFiles/C_board_study.elf.dir/Core/Src/gpio.c.obj
 .debug_aranges
                0x000000b8       0x38 CMakeFiles/C_board_study.elf.dir/Core/Src/main.c.obj
 .debug_aranges
                0x000000f0       0x20 CMakeFiles/C_board_study.elf.dir/Core/Src/stm32f4xx_hal_msp.c.obj
 .debug_aranges
                0x00000110       0x70 CMakeFiles/C_board_study.elf.dir/Core/Src/stm32f4xx_it.c.obj
 .debug_aranges
                0x00000180       0x28 CMakeFiles/C_board_study.elf.dir/Core/Src/system_stm32f4xx.c.obj
 .debug_aranges
                0x000001a8       0x58 CMakeFiles/C_board_study.elf.dir/Core/Src/tim.c.obj
 .debug_aranges
                0x00000200       0x58 CMakeFiles/C_board_study.elf.dir/Core/Src/usart.c.obj
 .debug_aranges
                0x00000258       0xf0 CMakeFiles/C_board_study.elf.dir/Drivers/STM32F4xx_HAL_Driver/Src/stm32f4xx_hal.c.obj
 .debug_aranges
                0x00000348       0xe8 CMakeFiles/C_board_study.elf.dir/Drivers/STM32F4xx_HAL_Driver/Src/stm32f4xx_hal_adc.c.obj
 .debug_aranges
                0x00000430       0xa8 CMakeFiles/C_board_study.elf.dir/Drivers/STM32F4xx_HAL_Driver/Src/stm32f4xx_hal_cortex.c.obj
 .debug_aranges
                0x000004d8       0x58 CMakeFiles/C_board_study.elf.dir/Drivers/STM32F4xx_HAL_Driver/Src/stm32f4xx_hal_gpio.c.obj
 .debug_aranges
                0x00000530       0x88 CMakeFiles/C_board_study.elf.dir/Drivers/STM32F4xx_HAL_Driver/Src/stm32f4xx_hal_rcc.c.obj
 .debug_aranges
                0x000005b8      0x3a8 CMakeFiles/C_board_study.elf.dir/Drivers/STM32F4xx_HAL_Driver/Src/stm32f4xx_hal_tim.c.obj
 .debug_aranges
                0x00000960      0x150 CMakeFiles/C_board_study.elf.dir/Drivers/STM32F4xx_HAL_Driver/Src/stm32f4xx_hal_tim_ex.c.obj
 .debug_aranges
                0x00000ab0      0x1d0 CMakeFiles/C_board_study.elf.dir/Drivers/STM32F4xx_HAL_Driver/Src/stm32f4xx_hal_uart.c.obj
 .debug_aranges
                0x00000c80       0x28 CMakeFiles/C_board_study.elf.dir/startup/startup_stm32f407xx.s.obj

.debug_ranges   0x00000000      0xc08
 .debug_ranges  0x00000000       0x58 CMakeFiles/C_board_study.elf.dir/Core/Src/adc.c.obj
 .debug_ranges  0x00000058       0x18 CMakeFiles/C_board_study.elf.dir/Core/Src/bsp_key.c.obj
 .debug_ranges  0x00000070       0x18 CMakeFiles/C_board_study.elf.dir/Core/Src/gpio.c.obj
 .debug_ranges  0x00000088       0x28 CMakeFiles/C_board_study.elf.dir/Core/Src/main.c.obj
 .debug_ranges  0x000000b0       0x10 CMakeFiles/C_board_study.elf.dir/Core/Src/stm32f4xx_hal_msp.c.obj
 .debug_ranges  0x000000c0       0x60 CMakeFiles/C_board_study.elf.dir/Core/Src/stm32f4xx_it.c.obj
 .debug_ranges  0x00000120       0x18 CMakeFiles/C_board_study.elf.dir/Core/Src/system_stm32f4xx.c.obj
 .debug_ranges  0x00000138       0x48 CMakeFiles/C_board_study.elf.dir/Core/Src/tim.c.obj
 .debug_ranges  0x00000180       0x48 CMakeFiles/C_board_study.elf.dir/Core/Src/usart.c.obj
 .debug_ranges  0x000001c8       0xe0 CMakeFiles/C_board_study.elf.dir/Drivers/STM32F4xx_HAL_Driver/Src/stm32f4xx_hal.c.obj
 .debug_ranges  0x000002a8       0xd8 CMakeFiles/C_board_study.elf.dir/Drivers/STM32F4xx_HAL_Driver/Src/stm32f4xx_hal_adc.c.obj
 .debug_ranges  0x00000380       0xf8 CMakeFiles/C_board_study.elf.dir/Drivers/STM32F4xx_HAL_Driver/Src/stm32f4xx_hal_cortex.c.obj
 .debug_ranges  0x00000478       0x48 CMakeFiles/C_board_study.elf.dir/Drivers/STM32F4xx_HAL_Driver/Src/stm32f4xx_hal_gpio.c.obj
 .debug_ranges  0x000004c0       0x90 CMakeFiles/C_board_study.elf.dir/Drivers/STM32F4xx_HAL_Driver/Src/stm32f4xx_hal_rcc.c.obj
 .debug_ranges  0x00000550      0x398 CMakeFiles/C_board_study.elf.dir/Drivers/STM32F4xx_HAL_Driver/Src/stm32f4xx_hal_tim.c.obj
 .debug_ranges  0x000008e8      0x140 CMakeFiles/C_board_study.elf.dir/Drivers/STM32F4xx_HAL_Driver/Src/stm32f4xx_hal_tim_ex.c.obj
 .debug_ranges  0x00000a28      0x1c0 CMakeFiles/C_board_study.elf.dir/Drivers/STM32F4xx_HAL_Driver/Src/stm32f4xx_hal_uart.c.obj
 .debug_ranges  0x00000be8       0x20 CMakeFiles/C_board_study.elf.dir/startup/startup_stm32f407xx.s.obj

.debug_line     0x00000000     0x5de3
 .debug_line    0x00000000      0x3c1 CMakeFiles/C_board_study.elf.dir/Core/Src/adc.c.obj
 .debug_line    0x000003c1      0x2b3 CMakeFiles/C_board_study.elf.dir/Core/Src/bsp_key.c.obj
 .debug_line    0x00000674      0x24a CMakeFiles/C_board_study.elf.dir/Core/Src/gpio.c.obj
 .debug_line    0x000008be      0x39d CMakeFiles/C_board_study.elf.dir/Core/Src/main.c.obj
 .debug_line    0x00000c5b      0x200 CMakeFiles/C_board_study.elf.dir/Core/Src/stm32f4xx_hal_msp.c.obj
 .debug_line    0x00000e5b      0x316 CMakeFiles/C_board_study.elf.dir/Core/Src/stm32f4xx_it.c.obj
 .debug_line    0x00001171      0x22a CMakeFiles/C_board_study.elf.dir/Core/Src/system_stm32f4xx.c.obj
 .debug_line    0x0000139b      0x459 CMakeFiles/C_board_study.elf.dir/Core/Src/tim.c.obj
 .debug_line    0x000017f4      0x37c CMakeFiles/C_board_study.elf.dir/Core/Src/usart.c.obj
 .debug_line    0x00001b70      0x448 CMakeFiles/C_board_study.elf.dir/Drivers/STM32F4xx_HAL_Driver/Src/stm32f4xx_hal.c.obj
 .debug_line    0x00001fb8      0x751 CMakeFiles/C_board_study.elf.dir/Drivers/STM32F4xx_HAL_Driver/Src/stm32f4xx_hal_adc.c.obj
 .debug_line    0x00002709      0x492 CMakeFiles/C_board_study.elf.dir/Drivers/STM32F4xx_HAL_Driver/Src/stm32f4xx_hal_cortex.c.obj
 .debug_line    0x00002b9b      0x3ce CMakeFiles/C_board_study.elf.dir/Drivers/STM32F4xx_HAL_Driver/Src/stm32f4xx_hal_gpio.c.obj
 .debug_line    0x00002f69      0x508 CMakeFiles/C_board_study.elf.dir/Drivers/STM32F4xx_HAL_Driver/Src/stm32f4xx_hal_rcc.c.obj
 .debug_line    0x00003471     0x1461 CMakeFiles/C_board_study.elf.dir/Drivers/STM32F4xx_HAL_Driver/Src/stm32f4xx_hal_tim.c.obj
 .debug_line    0x000048d2      0x8b1 CMakeFiles/C_board_study.elf.dir/Drivers/STM32F4xx_HAL_Driver/Src/stm32f4xx_hal_tim_ex.c.obj
 .debug_line    0x00005183      0xbc3 CMakeFiles/C_board_study.elf.dir/Drivers/STM32F4xx_HAL_Driver/Src/stm32f4xx_hal_uart.c.obj
 .debug_line    0x00005d46       0x9d CMakeFiles/C_board_study.elf.dir/startup/startup_stm32f407xx.s.obj

.debug_str      0x00000000     0x3e57
 .debug_str     0x00000000      0x95e CMakeFiles/C_board_study.elf.dir/Core/Src/adc.c.obj
                                0xa09 (size before relaxing)
 .debug_str     0x0000095e      0x29d CMakeFiles/C_board_study.elf.dir/Core/Src/bsp_key.c.obj
                                0x7d1 (size before relaxing)
 .debug_str     0x00000bfb      0x55e CMakeFiles/C_board_study.elf.dir/Core/Src/gpio.c.obj
                                0x99f (size before relaxing)
 .debug_str     0x00001159      0x393 CMakeFiles/C_board_study.elf.dir/Core/Src/main.c.obj
                                0xd78 (size before relaxing)
 .debug_str     0x000014ec       0x4b CMakeFiles/C_board_study.elf.dir/Core/Src/stm32f4xx_hal_msp.c.obj
                                0x3cf (size before relaxing)
 .debug_str     0x00001537      0x12c CMakeFiles/C_board_study.elf.dir/Core/Src/stm32f4xx_it.c.obj
                                0x9a4 (size before relaxing)
 .debug_str     0x00001663       0xce CMakeFiles/C_board_study.elf.dir/Core/Src/system_stm32f4xx.c.obj
                                0x44b (size before relaxing)
 .debug_str     0x00001731      0x319 CMakeFiles/C_board_study.elf.dir/Core/Src/tim.c.obj
                               0x10ed (size before relaxing)
 .debug_str     0x00001a4a       0xf4 CMakeFiles/C_board_study.elf.dir/Core/Src/usart.c.obj
                                0xec0 (size before relaxing)
 .debug_str     0x00001b3e      0x2e6 CMakeFiles/C_board_study.elf.dir/Drivers/STM32F4xx_HAL_Driver/Src/stm32f4xx_hal.c.obj
                                0xbdd (size before relaxing)
 .debug_str     0x00001e24      0x2a7 CMakeFiles/C_board_study.elf.dir/Drivers/STM32F4xx_HAL_Driver/Src/stm32f4xx_hal_adc.c.obj
                                0xa45 (size before relaxing)
 .debug_str     0x000020cb      0x445 CMakeFiles/C_board_study.elf.dir/Drivers/STM32F4xx_HAL_Driver/Src/stm32f4xx_hal_cortex.c.obj
                                0xd1c (size before relaxing)
 .debug_str     0x00002510       0xea CMakeFiles/C_board_study.elf.dir/Drivers/STM32F4xx_HAL_Driver/Src/stm32f4xx_hal_gpio.c.obj
                                0x5e2 (size before relaxing)
 .debug_str     0x000025fa      0x1b2 CMakeFiles/C_board_study.elf.dir/Drivers/STM32F4xx_HAL_Driver/Src/stm32f4xx_hal_rcc.c.obj
                                0x7c0 (size before relaxing)
 .debug_str     0x000027ac      0xceb CMakeFiles/C_board_study.elf.dir/Drivers/STM32F4xx_HAL_Driver/Src/stm32f4xx_hal_tim.c.obj
                               0x15bf (size before relaxing)
 .debug_str     0x00003497      0x445 CMakeFiles/C_board_study.elf.dir/Drivers/STM32F4xx_HAL_Driver/Src/stm32f4xx_hal_tim_ex.c.obj
                                0xdd7 (size before relaxing)
 .debug_str     0x000038dc      0x52c CMakeFiles/C_board_study.elf.dir/Drivers/STM32F4xx_HAL_Driver/Src/stm32f4xx_hal_uart.c.obj
                                0xd23 (size before relaxing)
 .debug_str     0x00003e08       0x4f CMakeFiles/C_board_study.elf.dir/startup/startup_stm32f407xx.s.obj
                                 0x83 (size before relaxing)

.comment        0x00000000       0x7e
 .comment       0x00000000       0x7e CMakeFiles/C_board_study.elf.dir/Core/Src/adc.c.obj
                                 0x7f (size before relaxing)
 .comment       0x0000007e       0x7f CMakeFiles/C_board_study.elf.dir/Core/Src/bsp_key.c.obj
 .comment       0x0000007e       0x7f CMakeFiles/C_board_study.elf.dir/Core/Src/gpio.c.obj
 .comment       0x0000007e       0x7f CMakeFiles/C_board_study.elf.dir/Core/Src/main.c.obj
 .comment       0x0000007e       0x7f CMakeFiles/C_board_study.elf.dir/Core/Src/stm32f4xx_hal_msp.c.obj
 .comment       0x0000007e       0x7f CMakeFiles/C_board_study.elf.dir/Core/Src/stm32f4xx_it.c.obj
 .comment       0x0000007e       0x7f CMakeFiles/C_board_study.elf.dir/Core/Src/system_stm32f4xx.c.obj
 .comment       0x0000007e       0x7f CMakeFiles/C_board_study.elf.dir/Core/Src/tim.c.obj
 .comment       0x0000007e       0x7f CMakeFiles/C_board_study.elf.dir/Core/Src/usart.c.obj
 .comment       0x0000007e       0x7f CMakeFiles/C_board_study.elf.dir/Drivers/STM32F4xx_HAL_Driver/Src/stm32f4xx_hal.c.obj
 .comment       0x0000007e       0x7f CMakeFiles/C_board_study.elf.dir/Drivers/STM32F4xx_HAL_Driver/Src/stm32f4xx_hal_adc.c.obj
 .comment       0x0000007e       0x7f CMakeFiles/C_board_study.elf.dir/Drivers/STM32F4xx_HAL_Driver/Src/stm32f4xx_hal_cortex.c.obj
 .comment       0x0000007e       0x7f CMakeFiles/C_board_study.elf.dir/Drivers/STM32F4xx_HAL_Driver/Src/stm32f4xx_hal_gpio.c.obj
 .comment       0x0000007e       0x7f CMakeFiles/C_board_study.elf.dir/Drivers/STM32F4xx_HAL_Driver/Src/stm32f4xx_hal_rcc.c.obj
 .comment       0x0000007e       0x7f CMakeFiles/C_board_study.elf.dir/Drivers/STM32F4xx_HAL_Driver/Src/stm32f4xx_hal_tim.c.obj
 .comment       0x0000007e       0x7f CMakeFiles/C_board_study.elf.dir/Drivers/STM32F4xx_HAL_Driver/Src/stm32f4xx_hal_tim_ex.c.obj
 .comment       0x0000007e       0x7f CMakeFiles/C_board_study.elf.dir/Drivers/STM32F4xx_HAL_Driver/Src/stm32f4xx_hal_uart.c.obj

.debug_frame    0x00000000     0x2354
 .debug_frame   0x00000000      0x11c CMakeFiles/C_board_study.elf.dir/Core/Src/adc.c.obj
 .debug_frame   0x0000011c       0x40 CMakeFiles/C_board_study.elf.dir/Core/Src/bsp_key.c.obj
 .debug_frame   0x0000015c       0x4c CMakeFiles/C_board_study.elf.dir/Core/Src/gpio.c.obj
 .debug_frame   0x000001a8       0x70 CMakeFiles/C_board_study.elf.dir/Core/Src/main.c.obj
 .debug_frame   0x00000218       0x28 CMakeFiles/C_board_study.elf.dir/Core/Src/stm32f4xx_hal_msp.c.obj
 .debug_frame   0x00000240       0xd8 CMakeFiles/C_board_study.elf.dir/Core/Src/stm32f4xx_it.c.obj
 .debug_frame   0x00000318       0x30 CMakeFiles/C_board_study.elf.dir/Core/Src/system_stm32f4xx.c.obj
 .debug_frame   0x00000348      0x108 CMakeFiles/C_board_study.elf.dir/Core/Src/tim.c.obj
 .debug_frame   0x00000450       0xe8 CMakeFiles/C_board_study.elf.dir/Core/Src/usart.c.obj
 .debug_frame   0x00000538      0x1ec CMakeFiles/C_board_study.elf.dir/Drivers/STM32F4xx_HAL_Driver/Src/stm32f4xx_hal.c.obj
 .debug_frame   0x00000724      0x27c CMakeFiles/C_board_study.elf.dir/Drivers/STM32F4xx_HAL_Driver/Src/stm32f4xx_hal_adc.c.obj
 .debug_frame   0x000009a0      0x15c CMakeFiles/C_board_study.elf.dir/Drivers/STM32F4xx_HAL_Driver/Src/stm32f4xx_hal_cortex.c.obj
 .debug_frame   0x00000afc       0xd8 CMakeFiles/C_board_study.elf.dir/Drivers/STM32F4xx_HAL_Driver/Src/stm32f4xx_hal_gpio.c.obj
 .debug_frame   0x00000bd4      0x184 CMakeFiles/C_board_study.elf.dir/Drivers/STM32F4xx_HAL_Driver/Src/stm32f4xx_hal_rcc.c.obj
 .debug_frame   0x00000d58      0xa7c CMakeFiles/C_board_study.elf.dir/Drivers/STM32F4xx_HAL_Driver/Src/stm32f4xx_hal_tim.c.obj
 .debug_frame   0x000017d4      0x3b4 CMakeFiles/C_board_study.elf.dir/Drivers/STM32F4xx_HAL_Driver/Src/stm32f4xx_hal_tim_ex.c.obj
 .debug_frame   0x00001b88      0x4f0 CMakeFiles/C_board_study.elf.dir/Drivers/STM32F4xx_HAL_Driver/Src/stm32f4xx_hal_uart.c.obj
 .debug_frame   0x00002078       0x4c f:/7 2017-q4-major/bin/../lib/gcc/arm-none-eabi/7.2.1/thumb/v7e-m\libgcc.a(_arm_addsubsf3.o)
 .debug_frame   0x000020c4       0x38 f:/7 2017-q4-major/bin/../lib/gcc/arm-none-eabi/7.2.1/thumb/v7e-m\libgcc.a(_arm_muldivsf3.o)
 .debug_frame   0x000020fc       0x2c f:/7 2017-q4-major/bin/../lib/gcc/arm-none-eabi/7.2.1/thumb/v7e-m\libgcc.a(_aeabi_uldivmod.o)
 .debug_frame   0x00002128       0x34 f:/7 2017-q4-major/bin/../lib/gcc/arm-none-eabi/7.2.1/thumb/v7e-m\libgcc.a(_udivmoddi4.o)
 .debug_frame   0x0000215c       0x2c f:/7 2017-q4-major/bin/../lib/gcc/arm-none-eabi/7.2.1/../../../../arm-none-eabi/lib/thumb/v7e-m\libg.a(lib_a-init.o)
 .debug_frame   0x00002188       0x38 f:/7 2017-q4-major/bin/../lib/gcc/arm-none-eabi/7.2.1/../../../../arm-none-eabi/lib/thumb/v7e-m\libg.a(lib_a-memset.o)
 .debug_frame   0x000021c0       0x5c f:/7 2017-q4-major/bin/../lib/gcc/arm-none-eabi/7.2.1/../../../../arm-none-eabi/lib/thumb/v7e-m\libg.a(lib_a-__call_atexit.o)
 .debug_frame   0x0000221c       0x20 f:/7 2017-q4-major/bin/../lib/gcc/arm-none-eabi/7.2.1/../../../../arm-none-eabi/lib/thumb/v7e-m\libg.a(lib_a-atexit.o)
 .debug_frame   0x0000223c       0x34 f:/7 2017-q4-major/bin/../lib/gcc/arm-none-eabi/7.2.1/../../../../arm-none-eabi/lib/thumb/v7e-m\libg.a(lib_a-fini.o)
 .debug_frame   0x00002270       0xb0 f:/7 2017-q4-major/bin/../lib/gcc/arm-none-eabi/7.2.1/../../../../arm-none-eabi/lib/thumb/v7e-m\libg.a(lib_a-lock.o)
 .debug_frame   0x00002320       0x34 f:/7 2017-q4-major/bin/../lib/gcc/arm-none-eabi/7.2.1/../../../../arm-none-eabi/lib/thumb/v7e-m\libg.a(lib_a-__atexit.o)
